src/controllers/package.controller.ts(6,32): error TS2304: Cannot find name 'prisma'.
src/controllers/package.controller.ts(19,34): error TS2304: Cannot find name 'prisma'.
src/controllers/package.controller.ts(43,31): error TS2304: Cannot find name 'prisma'.
src/controllers/package.controller.ts(65,15): error TS2304: Cannot find name 'prisma'.
